../Core/Src/main.c:108:5:main	40	static
../Core/Src/main.c:194:6:SystemClock_Config	104	static
../Core/Src/main.c:240:13:MX_I2C1_Init	8	static
../Core/Src/main.c:288:13:MX_USART2_UART_Init	8	static
../Core/Src/main.c:321:13:MX_DMA_Init	16	static
../Core/Src/main.c:339:13:MX_GPIO_Init	56	static
../Core/Src/main.c:368:6:pause_sec	32	static
../Core/Src/main.c:386:9:decToBcd	24	static
../Core/Src/main.c:399:6:Dec2RadixI	160	static
../Core/Src/main.c:422:5:bcdToDec	16	static
../Core/Src/main.c:435:6:setTime	48	static
../Core/Src/main.c:461:6:getTime	32	static
../Core/Src/main.c:488:5:epochFromTime	40	static
../Core/Src/main.c:562:6:Error_Handler	8	static,ignoring_inline_asm
